--------------------------------------------------------------------------------------------------------------------------------
      name:  <unnamed>
       log:  /afs/econ.duke.edu/data/vjh3/TylerJMP/AccraData/finaldo/cr_latlong_zip.log
  log type:  text
 opened on:  18 May 2013, 07:41:17

. 
. tempfile holder1

. *****************************************************************************
. * Merge in county longitude and latitude
. * using data from Census and MABLE/GeoCorr
. *****************************************************************************
. *============================================================================
. * Import dataset of census place and latitude/longitude
. *============================================================================
. insheet using ../sourcedata/ziplongitude.csv, comma clear
(12 vars, 42522 obs)

. keep zip latitude longitude stabb

. isid zip

. save `holder1', replace
(note: file /tmp/St30658.00000a not found)
file /tmp/St30658.00000a saved

. 
. *============================================================================
. * Import crosswalk between census place and county FIPS
. *============================================================================
. insheet using ../sourcedata/zip2county.csv, comma clear
(6 vars, 43240 obs)

. genera state = floor(county/1000)

. rename county FIPS

. genera county = FIPS - state*1000

. destring zip, replace force
zip contains nonnumeric characters; replaced as long
(676 missing values generated)

. codebook zip

--------------------------------------------------------------------------------------------------------------------------------
zip                                                                                                                  (unlabeled)
--------------------------------------------------------------------------------------------------------------------------------

                  type:  numeric (long)

                 range:  [1001,99950]                 units:  1
         unique values:  31858                    missing .:  676/43240

                  mean:   50209.3
              std. dev:   25630.7

           percentiles:        10%       25%       50%       75%       90%
                             14843     29595     50234   69333.5     84710

. codebook FIPS

--------------------------------------------------------------------------------------------------------------------------------
FIPS                                                                                                                 (unlabeled)
--------------------------------------------------------------------------------------------------------------------------------

                  type:  numeric (long)

                 range:  [1001,56045]                 units:  1
         unique values:  3141                     missing .:  0/43240

                  mean:   30020.7
              std. dev:   15081.9

           percentiles:        10%       25%       50%       75%       90%
                              8005     18137     29185     42055     50013

. * isid FIPS
. * isid zip
. * drop maxzippop
. 
. *============================================================================
. * Merge the two together and collapse into one lat/long coord per county
. *============================================================================
. merge m:1 zip using `holder1'

    Result                           # of obs.
    -----------------------------------------
    not matched                        11,735
        from master                       891  (_merge==1)
        from using                     10,844  (_merge==2)

    matched                            42,349  (_merge==3)
    -----------------------------------------

. mdesc zip
     Variable      Missing      Total     Missing/Total
    ------------------------------------------------------------
         zip         676       54084        .012499

. mdesc FIPS
     Variable      Missing      Total     Missing/Total
    ------------------------------------------------------------
        FIPS       10844       54084        .200503

. codebook FIPS

--------------------------------------------------------------------------------------------------------------------------------
FIPS                                                                                                                 (unlabeled)
--------------------------------------------------------------------------------------------------------------------------------

                  type:  numeric (long)

                 range:  [1001,56045]                 units:  1
         unique values:  3141                     missing .:  10844/54084

                  mean:   30020.7
              std. dev:   15081.9

           percentiles:        10%       25%       50%       75%       90%
                              8005     18137     29185     42055     50013

. 
. * l if _merge==1
. 
. bys FIPS (zip): egen numvalidzips = count(zip)

. l if numvalidzips==0

. bys FIPS (zip): egen numvalidlats = count(latitude)

. tab cntyname if numvalidlats==0

                               cntyname |      Freq.     Percent        Cum.
----------------------------------------+-----------------------------------
                             Calhoun GA |          6       14.29       14.29
                                Clay GA |          6       14.29       28.57
                             Decatur GA |          7       16.67       45.24
                               Early GA |          8       19.05       64.29
                              Miller GA |          5       11.90       76.19
                             Quitman GA |          2        4.76       80.95
                            Randolph GA |          4        9.52       90.48
                            Seminole GA |          4        9.52      100.00
----------------------------------------+-----------------------------------
                                  Total |         42      100.00

. l if numvalidlats==0

       +--------------------------------------------------------------------------------------------------------------+
 6480. |   zip |  FIPS |    cntyname |       zipname | pop2000 | afact | state | county | stabb | latitude | longit~e |
       | 31713 | 13037 |  Calhoun GA |     ARLINGTON |    1426 |  .616 |    13 |     37 |       |        . |        . |
       |--------------------------------------------------------------------------------------------------------------|
       |                     _merge             |             numva~ps             |             numva~ts             |
       |            master only (1)             |                    5             |                    0             |
       +--------------------------------------------------------------------------------------------------------------+

       +--------------------------------------------------------------------------------------------------------------+
 6481. |   zip |  FIPS |    cntyname |       zipname | pop2000 | afact | state | county | stabb | latitude | longit~e |
       | 31742 | 13037 |  Calhoun GA |        GRAVES |     293 |  .029 |    13 |     37 |       |        . |        . |
       |--------------------------------------------------------------------------------------------------------------|
       |                     _merge             |             numva~ps             |             numva~ts             |
       |            master only (1)             |                    5             |                    0             |
       +--------------------------------------------------------------------------------------------------------------+

       +--------------------------------------------------------------------------------------------------------------+
 6482. |   zip |  FIPS |    cntyname |       zipname | pop2000 | afact | state | county | stabb | latitude | longit~e |
       | 31746 | 13037 |  Calhoun GA |        EDISON |    1934 |  .954 |    13 |     37 |       |        . |        . |
       |--------------------------------------------------------------------------------------------------------------|
       |                     _merge             |             numva~ps             |             numva~ts             |
       |            master only (1)             |                    5             |                    0             |
       +--------------------------------------------------------------------------------------------------------------+

       +--------------------------------------------------------------------------------------------------------------+
 6483. |   zip |  FIPS |    cntyname |       zipname | pop2000 | afact | state | county | stabb | latitude | longit~e |
       | 31762 | 13037 |  Calhoun GA |         LEARY |     550 |  .601 |    13 |     37 |       |        . |        . |
       |--------------------------------------------------------------------------------------------------------------|
       |                     _merge             |             numva~ps             |             numva~ts             |
       |            master only (1)             |                    5             |                    0             |
       +--------------------------------------------------------------------------------------------------------------+

       +--------------------------------------------------------------------------------------------------------------+
 6484. |   zip |  FIPS |    cntyname |       zipname | pop2000 | afact | state | county | stabb | latitude | longit~e |
       | 31766 | 13037 |  Calhoun GA |        MORGAN |    2064 |     1 |    13 |     37 |       |        . |        . |
       |--------------------------------------------------------------------------------------------------------------|
       |                     _merge             |             numva~ps             |             numva~ts             |
       |            master only (1)             |                    5             |                    0             |
       +--------------------------------------------------------------------------------------------------------------+

       +--------------------------------------------------------------------------------------------------------------+
 6485. |   zip |  FIPS |    cntyname |       zipname | pop2000 | afact | state | county | stabb | latitude | longit~e |
       |     . | 13037 |  Calhoun GA |         317XX |      53 |     1 |    13 |     37 |       |        . |        . |
       |--------------------------------------------------------------------------------------------------------------|
       |                     _merge             |             numva~ps             |             numva~ts             |
       |            master only (1)             |                    5             |                    0             |
       +--------------------------------------------------------------------------------------------------------------+

       +--------------------------------------------------------------------------------------------------------------+
 6562. |   zip |  FIPS |    cntyname |       zipname | pop2000 | afact | state | county | stabb | latitude | longit~e |
       | 31724 | 13061 |     Clay GA |      BLUFFTON |     393 |  .956 |    13 |     61 |       |        . |        . |
       |--------------------------------------------------------------------------------------------------------------|
       |                     _merge             |             numva~ps             |             numva~ts             |
       |            master only (1)             |                    6             |                    0             |
       +--------------------------------------------------------------------------------------------------------------+

       +--------------------------------------------------------------------------------------------------------------+
 6563. |   zip |  FIPS |    cntyname |       zipname | pop2000 | afact | state | county | stabb | latitude | longit~e |
       | 31736 | 13061 |     Clay GA |       COLEMAN |      99 |  .221 |    13 |     61 |       |        . |        . |
       |--------------------------------------------------------------------------------------------------------------|
       |                     _merge             |             numva~ps             |             numva~ts             |
       |            master only (1)             |                    6             |                    0             |
       +--------------------------------------------------------------------------------------------------------------+

       +--------------------------------------------------------------------------------------------------------------+
 6564. |   zip |  FIPS |    cntyname |       zipname | pop2000 | afact | state | county | stabb | latitude | longit~e |
       | 31746 | 13061 |     Clay GA |        EDISON |      93 |  .046 |    13 |     61 |       |        . |        . |
       |--------------------------------------------------------------------------------------------------------------|
       |                     _merge             |             numva~ps             |             numva~ts             |
       |            master only (1)             |                    6             |                    0             |
       +--------------------------------------------------------------------------------------------------------------+

       +--------------------------------------------------------------------------------------------------------------+
 6565. |   zip |  FIPS |    cntyname |       zipname | pop2000 | afact | state | county | stabb | latitude | longit~e |
       | 31751 | 13061 |     Clay GA |   FORT GAINES |    2486 |     1 |    13 |     61 |       |        . |        . |
       |--------------------------------------------------------------------------------------------------------------|
       |                     _merge             |             numva~ps             |             numva~ts             |
       |            master only (1)             |                    6             |                    0             |
       +--------------------------------------------------------------------------------------------------------------+

       +--------------------------------------------------------------------------------------------------------------+
 6566. |   zip |  FIPS |    cntyname |       zipname | pop2000 | afact | state | county | stabb | latitude | longit~e |
       | 31754 | 13061 |     Clay GA |    GEORGETOWN |     163 |  .063 |    13 |     61 |       |        . |        . |
       |--------------------------------------------------------------------------------------------------------------|
       |                     _merge             |             numva~ps             |             numva~ts             |
       |            master only (1)             |                    6             |                    0             |
       +--------------------------------------------------------------------------------------------------------------+

       +--------------------------------------------------------------------------------------------------------------+
 6567. |   zip |  FIPS |    cntyname |       zipname | pop2000 | afact | state | county | stabb | latitude | longit~e |
       | 31767 | 13061 |     Clay GA |    SPRINGVALE |     123 |  .273 |    13 |     61 |       |        . |        . |
       |--------------------------------------------------------------------------------------------------------------|
       |                     _merge             |             numva~ps             |             numva~ts             |
       |            master only (1)             |                    6             |                    0             |
       +--------------------------------------------------------------------------------------------------------------+

       +--------------------------------------------------------------------------------------------------------------+
 6672. |   zip |  FIPS |    cntyname |       zipname | pop2000 | afact | state | county | stabb | latitude | longit~e |
       | 31715 | 13087 |  Decatur GA |    ATTAPULGUS |    2329 |     1 |    13 |     87 |       |        . |        . |
       |--------------------------------------------------------------------------------------------------------------|
       |                     _merge             |             numva~ps             |             numva~ts             |
       |            master only (1)             |                    7             |                    0             |
       +--------------------------------------------------------------------------------------------------------------+

       +--------------------------------------------------------------------------------------------------------------+
 6673. |   zip |  FIPS |    cntyname |       zipname | pop2000 | afact | state | county | stabb | latitude | longit~e |
       | 31717 | 13087 |  Decatur GA |    BAINBRIDGE |   21893 |     1 |    13 |     87 |       |        . |        . |
       |--------------------------------------------------------------------------------------------------------------|
       |                     _merge             |             numva~ps             |             numva~ts             |
       |            master only (1)             |                    7             |                    0             |
       +--------------------------------------------------------------------------------------------------------------+

       +--------------------------------------------------------------------------------------------------------------+
 6674. |   zip |  FIPS |    cntyname |       zipname | pop2000 | afact | state | county | stabb | latitude | longit~e |
       | 31725 | 13087 |  Decatur GA |       BRINSON |    1357 |  .978 |    13 |     87 |       |        . |        . |
       |--------------------------------------------------------------------------------------------------------------|
       |                     _merge             |             numva~ps             |             numva~ts             |
       |            master only (1)             |                    7             |                    0             |
       +--------------------------------------------------------------------------------------------------------------+

       +--------------------------------------------------------------------------------------------------------------+
 6675. |   zip |  FIPS |    cntyname |       zipname | pop2000 | afact | state | county | stabb | latitude | longit~e |
       | 31734 | 13087 |  Decatur GA |        CLIMAX |    2245 |     1 |    13 |     87 |       |        . |        . |
       |--------------------------------------------------------------------------------------------------------------|
       |                     _merge             |             numva~ps             |             numva~ts             |
       |            master only (1)             |                    7             |                    0             |
       +--------------------------------------------------------------------------------------------------------------+

       +--------------------------------------------------------------------------------------------------------------+
 6676. |   zip |  FIPS |    cntyname |       zipname | pop2000 | afact | state | county | stabb | latitude | longit~e |
       | 31737 | 13087 |  Decatur GA |      COLQUITT |     209 |  .033 |    13 |     87 |       |        . |        . |
       |--------------------------------------------------------------------------------------------------------------|
       |                     _merge             |             numva~ps             |             numva~ts             |
       |            master only (1)             |                    7             |                    0             |
       +--------------------------------------------------------------------------------------------------------------+

       +--------------------------------------------------------------------------------------------------------------+
 6677. |   zip |  FIPS |    cntyname |       zipname | pop2000 | afact | state | county | stabb | latitude | longit~e |
       | 31752 | 13087 |  Decatur GA |     FOWLSTOWN |     156 |     1 |    13 |     87 |       |        . |        . |
       |--------------------------------------------------------------------------------------------------------------|
       |                     _merge             |             numva~ps             |             numva~ts             |
       |            master only (1)             |                    7             |                    0             |
       +--------------------------------------------------------------------------------------------------------------+

       +--------------------------------------------------------------------------------------------------------------+
 6678. |   zip |  FIPS |    cntyname |       zipname | pop2000 | afact | state | county | stabb | latitude | longit~e |
       | 31797 | 13087 |  Decatur GA |       WHIGHAM |      51 |  .014 |    13 |     87 |       |        . |        . |
       |--------------------------------------------------------------------------------------------------------------|
       |                     _merge             |             numva~ps             |             numva~ts             |
       |            master only (1)             |                    7             |                    0             |
       +--------------------------------------------------------------------------------------------------------------+

       +--------------------------------------------------------------------------------------------------------------+
 6739. |   zip |  FIPS |    cntyname |       zipname | pop2000 | afact | state | county | stabb | latitude | longit~e |
       | 31713 | 13099 |    Early GA |     ARLINGTON |     603 |  .261 |    13 |     99 |       |        . |        . |
       |--------------------------------------------------------------------------------------------------------------|
       |                     _merge             |             numva~ps             |             numva~ts             |
       |            master only (1)             |                    8             |                    0             |
       +--------------------------------------------------------------------------------------------------------------+

       +--------------------------------------------------------------------------------------------------------------+
 6740. |   zip |  FIPS |    cntyname |       zipname | pop2000 | afact | state | county | stabb | latitude | longit~e |
       | 31723 | 13099 |    Early GA |       BLAKELY |    9906 |  .984 |    13 |     99 |       |        . |        . |
       |--------------------------------------------------------------------------------------------------------------|
       |                     _merge             |             numva~ps             |             numva~ts             |
       |            master only (1)             |                    8             |                    0             |
       +--------------------------------------------------------------------------------------------------------------+

       +--------------------------------------------------------------------------------------------------------------+
 6741. |   zip |  FIPS |    cntyname |       zipname | pop2000 | afact | state | county | stabb | latitude | longit~e |
       | 31724 | 13099 |    Early GA |      BLUFFTON |      18 |  .044 |    13 |     99 |       |        . |        . |
       |--------------------------------------------------------------------------------------------------------------|
       |                     _merge             |             numva~ps             |             numva~ts             |
       |            master only (1)             |                    8             |                    0             |
       +--------------------------------------------------------------------------------------------------------------+

       +--------------------------------------------------------------------------------------------------------------+
 6742. |   zip |  FIPS |    cntyname |       zipname | pop2000 | afact | state | county | stabb | latitude | longit~e |
       | 31732 | 13099 |    Early GA | CEDAR SPRINGS |     109 |     1 |    13 |     99 |       |        . |        . |
       |--------------------------------------------------------------------------------------------------------------|
       |                     _merge             |             numva~ps             |             numva~ts             |
       |            master only (1)             |                    8             |                    0             |
       +--------------------------------------------------------------------------------------------------------------+

       +--------------------------------------------------------------------------------------------------------------+
 6743. |   zip |  FIPS |    cntyname |       zipname | pop2000 | afact | state | county | stabb | latitude | longit~e |
       | 31737 | 13099 |    Early GA |      COLQUITT |      15 |  .002 |    13 |     99 |       |        . |        . |
       |--------------------------------------------------------------------------------------------------------------|
       |                     _merge             |             numva~ps             |             numva~ts             |
       |            master only (1)             |                    8             |                    0             |
       +--------------------------------------------------------------------------------------------------------------+

       +--------------------------------------------------------------------------------------------------------------+
 6744. |   zip |  FIPS |    cntyname |       zipname | pop2000 | afact | state | county | stabb | latitude | longit~e |
       | 31741 | 13099 |    Early GA |      DAMASCUS |     782 |  .821 |    13 |     99 |       |        . |        . |
       |--------------------------------------------------------------------------------------------------------------|
       |                     _merge             |             numva~ps             |             numva~ts             |
       |            master only (1)             |                    8             |                    0             |
       +--------------------------------------------------------------------------------------------------------------+

       +--------------------------------------------------------------------------------------------------------------+
 6745. |   zip |  FIPS |    cntyname |       zipname | pop2000 | afact | state | county | stabb | latitude | longit~e |
       | 31745 | 13099 |    Early GA | DONALSONVILLE |      87 |   .01 |    13 |     99 |       |        . |        . |
       |--------------------------------------------------------------------------------------------------------------|
       |                     _merge             |             numva~ps             |             numva~ts             |
       |            master only (1)             |                    8             |                    0             |
       +--------------------------------------------------------------------------------------------------------------+

       +--------------------------------------------------------------------------------------------------------------+
 6746. |   zip |  FIPS |    cntyname |       zipname | pop2000 | afact | state | county | stabb | latitude | longit~e |
       | 31761 | 13099 |    Early GA |         JAKIN |     834 |   .94 |    13 |     99 |       |        . |        . |
       |--------------------------------------------------------------------------------------------------------------|
       |                     _merge             |             numva~ps             |             numva~ts             |
       |            master only (1)             |                    8             |                    0             |
       +--------------------------------------------------------------------------------------------------------------+

       +--------------------------------------------------------------------------------------------------------------+
 7166. |   zip |  FIPS |    cntyname |       zipname | pop2000 | afact | state | county | stabb | latitude | longit~e |
       | 31723 | 13201 |   Miller GA |       BLAKELY |     160 |  .016 |    13 |    201 |       |        . |        . |
       |--------------------------------------------------------------------------------------------------------------|
       |                     _merge             |             numva~ps             |             numva~ts             |
       |            master only (1)             |                    5             |                    0             |
       +--------------------------------------------------------------------------------------------------------------+

       +--------------------------------------------------------------------------------------------------------------+
 7167. |   zip |  FIPS |    cntyname |       zipname | pop2000 | afact | state | county | stabb | latitude | longit~e |
       | 31737 | 13201 |   Miller GA |      COLQUITT |    5734 |  .906 |    13 |    201 |       |        . |        . |
       |--------------------------------------------------------------------------------------------------------------|
       |                     _merge             |             numva~ps             |             numva~ts             |
       |            master only (1)             |                    5             |                    0             |
       +--------------------------------------------------------------------------------------------------------------+

       +--------------------------------------------------------------------------------------------------------------+
 7168. |   zip |  FIPS |    cntyname |       zipname | pop2000 | afact | state | county | stabb | latitude | longit~e |
       | 31741 | 13201 |   Miller GA |      DAMASCUS |      14 |  .015 |    13 |    201 |       |        . |        . |
       |--------------------------------------------------------------------------------------------------------------|
       |                     _merge             |             numva~ps             |             numva~ts             |
       |            master only (1)             |                    5             |                    0             |
       +--------------------------------------------------------------------------------------------------------------+

       +--------------------------------------------------------------------------------------------------------------+
 7169. |   zip |  FIPS |    cntyname |       zipname | pop2000 | afact | state | county | stabb | latitude | longit~e |
       | 31745 | 13201 |   Miller GA | DONALSONVILLE |     444 |  .053 |    13 |    201 |       |        . |        . |
       |--------------------------------------------------------------------------------------------------------------|
       |                     _merge             |             numva~ps             |             numva~ts             |
       |            master only (1)             |                    5             |                    0             |
       +--------------------------------------------------------------------------------------------------------------+

       +--------------------------------------------------------------------------------------------------------------+
 7170. |   zip |  FIPS |    cntyname |       zipname | pop2000 | afact | state | county | stabb | latitude | longit~e |
       | 31759 | 13201 |   Miller GA |     IRON CITY |      31 |  .022 |    13 |    201 |       |        . |        . |
       |--------------------------------------------------------------------------------------------------------------|
       |                     _merge             |             numva~ps             |             numva~ts             |
       |            master only (1)             |                    5             |                    0             |
       +--------------------------------------------------------------------------------------------------------------+

       +--------------------------------------------------------------------------------------------------------------+
 7293. |   zip |  FIPS |    cntyname |       zipname | pop2000 | afact | state | county | stabb | latitude | longit~e |
       | 31754 | 13239 |  Quitman GA |    GEORGETOWN |    2442 |  .937 |    13 |    239 |       |        . |        . |
       |--------------------------------------------------------------------------------------------------------------|
       |                     _merge             |             numva~ps             |             numva~ts             |
       |            master only (1)             |                    2             |                    0             |
       +--------------------------------------------------------------------------------------------------------------+

       +--------------------------------------------------------------------------------------------------------------+
 7294. |   zip |  FIPS |    cntyname |       zipname | pop2000 | afact | state | county | stabb | latitude | longit~e |
       | 31767 | 13239 |  Quitman GA |    SPRINGVALE |     156 |  .346 |    13 |    239 |       |        . |        . |
       |--------------------------------------------------------------------------------------------------------------|
       |                     _merge             |             numva~ps             |             numva~ts             |
       |            master only (1)             |                    2             |                    0             |
       +--------------------------------------------------------------------------------------------------------------+

       +--------------------------------------------------------------------------------------------------------------+
 7303. |   zip |  FIPS |    cntyname |       zipname | pop2000 | afact | state | county | stabb | latitude | longit~e |
       | 31736 | 13243 | Randolph GA |       COLEMAN |     348 |  .779 |    13 |    243 |       |        . |        . |
       |--------------------------------------------------------------------------------------------------------------|
       |                     _merge             |             numva~ps             |             numva~ts             |
       |            master only (1)             |                    4             |                    0             |
       +--------------------------------------------------------------------------------------------------------------+

       +--------------------------------------------------------------------------------------------------------------+
 7304. |   zip |  FIPS |    cntyname |       zipname | pop2000 | afact | state | county | stabb | latitude | longit~e |
       | 31740 | 13243 | Randolph GA |      CUTHBERT |    5749 |     1 |    13 |    243 |       |        . |        . |
       |--------------------------------------------------------------------------------------------------------------|
       |                     _merge             |             numva~ps             |             numva~ts             |
       |            master only (1)             |                    4             |                    0             |
       +--------------------------------------------------------------------------------------------------------------+

       +--------------------------------------------------------------------------------------------------------------+
 7305. |   zip |  FIPS |    cntyname |       zipname | pop2000 | afact | state | county | stabb | latitude | longit~e |
       | 31767 | 13243 | Randolph GA |    SPRINGVALE |     161 |  .357 |    13 |    243 |       |        . |        . |
       |--------------------------------------------------------------------------------------------------------------|
       |                     _merge             |             numva~ps             |             numva~ts             |
       |            master only (1)             |                    4             |                    0             |
       +--------------------------------------------------------------------------------------------------------------+

       +--------------------------------------------------------------------------------------------------------------+
 7306. |   zip |  FIPS |    cntyname |       zipname | pop2000 | afact | state | county | stabb | latitude | longit~e |
       | 31786 | 13243 | Randolph GA |      SHELLMAN |    1533 |  .962 |    13 |    243 |       |        . |        . |
       |--------------------------------------------------------------------------------------------------------------|
       |                     _merge             |             numva~ps             |             numva~ts             |
       |            master only (1)             |                    4             |                    0             |
       +--------------------------------------------------------------------------------------------------------------+

       +--------------------------------------------------------------------------------------------------------------+
 7330. |   zip |  FIPS |    cntyname |       zipname | pop2000 | afact | state | county | stabb | latitude | longit~e |
       | 31725 | 13253 | Seminole GA |       BRINSON |      30 |  .022 |    13 |    253 |       |        . |        . |
       |--------------------------------------------------------------------------------------------------------------|
       |                     _merge             |             numva~ps             |             numva~ts             |
       |            master only (1)             |                    4             |                    0             |
       +--------------------------------------------------------------------------------------------------------------+

       +--------------------------------------------------------------------------------------------------------------+
 7331. |   zip |  FIPS |    cntyname |       zipname | pop2000 | afact | state | county | stabb | latitude | longit~e |
       | 31745 | 13253 | Seminole GA | DONALSONVILLE |    7911 |  .937 |    13 |    253 |       |        . |        . |
       |--------------------------------------------------------------------------------------------------------------|
       |                     _merge             |             numva~ps             |             numva~ts             |
       |            master only (1)             |                    4             |                    0             |
       +--------------------------------------------------------------------------------------------------------------+

       +--------------------------------------------------------------------------------------------------------------+
 7332. |   zip |  FIPS |    cntyname |       zipname | pop2000 | afact | state | county | stabb | latitude | longit~e |
       | 31759 | 13253 | Seminole GA |     IRON CITY |    1375 |  .978 |    13 |    253 |       |        . |        . |
       |--------------------------------------------------------------------------------------------------------------|
       |                     _merge             |             numva~ps             |             numva~ts             |
       |            master only (1)             |                    4             |                    0             |
       +--------------------------------------------------------------------------------------------------------------+

       +--------------------------------------------------------------------------------------------------------------+
 7333. |   zip |  FIPS |    cntyname |       zipname | pop2000 | afact | state | county | stabb | latitude | longit~e |
       | 31761 | 13253 | Seminole GA |         JAKIN |      53 |   .06 |    13 |    253 |       |        . |        . |
       |--------------------------------------------------------------------------------------------------------------|
       |                     _merge             |             numva~ps             |             numva~ts             |
       |            master only (1)             |                    4             |                    0             |
       +--------------------------------------------------------------------------------------------------------------+

. 
. * keep if _merge==3
. drop _merge

. 
. ** hand-code latitude and longitude for 8 counties in Georgia:
.    * Calhoun GA 31°26′22″N 84°43′29″W  // 31.43944 -84.72472
.       * Clay GA 31°36′51″N 85°2′54″W   // 31.61417 -85.04833
.    * Decatur GA 30°54′17″N 84°34′16″W  // 30.90472 -84.57111
.      * Early GA 31°22′36″N 84°56′2″W   // 31.37667 -84.93389
.     * Miller GA 31°10′23″N 84°43′43″W  // 31.17306 -84.72861
.    * Quitman GA 31°53′02″N 85°06′05″W  // 31.88389 -85.10139
.   * Randolph GA 31°46′15″N 84°47′37″W  // 31.77083 -84.79361
.   * Seminole GA 31°2′27″N 84°52′42″W   // 31.04083 -84.87889
.   *    Baker GA 31°19′0″N 84°20′22″W   // 31.31680 -84.33955
.   *    Grady GA 30°53′0″N 84°13′0″W    // 30.87780 -84.20890  
.   *  Terrell GA 31°46′26″N 84°26′27″W  // 31.77397 -84.44087  
. * Broomfield CO 39°55′55″N 105°03′57″W // 39.93182 -105.065919
. * Hoonah-Angoon Census Area (AK)  58°6′34″N 135°26′11″W //  58.109435 -135.436349
. * Skagway Municipality (AK)       59°27′30″N 135°18′50″W // 59.458333 -135.313889 
. * 2195 (AK)???
. * 2198 (AK)???
. * 2275 (AK)???
. 
. 
. replace latitude = 31.43944 if cntyname=="Calhoun GA"
(6 real changes made)

. replace latitude = 31.61417 if cntyname=="Clay GA"
(6 real changes made)

. replace latitude = 30.90472 if cntyname=="Decatur GA"
(7 real changes made)

. replace latitude = 31.37667 if cntyname=="Early GA"
(8 real changes made)

. replace latitude = 31.17306 if cntyname=="Miller GA"
(5 real changes made)

. replace latitude = 31.88389 if cntyname=="Quitman GA"
(2 real changes made)

. replace latitude = 31.77083 if cntyname=="Randolph GA"
(4 real changes made)

. replace latitude = 31.04083 if cntyname=="Seminole GA"
(4 real changes made)

. replace latitude = 31.31680 if cntyname=="Baker GA"
(6 real changes made)

. replace latitude = 30.87780 if cntyname=="Grady GA"
(6 real changes made)

. replace latitude = 31.77397 if cntyname=="Terrell GA"
(5 real changes made)

. replace latitude = 39.93182 if cntyname=="Broomfield CO"
(0 real changes made)

. replace latitude = 58.10944 if cntyname=="Hoonah-Angoon Census Area"
(0 real changes made)

. replace latitude = 59.45833 if cntyname=="Skagway Municipality"
(0 real changes made)

. 
. replace longitude = -84.72472 if cntyname=="Calhoun GA"
(6 real changes made)

. replace longitude = -85.04833 if cntyname=="Clay GA"
(6 real changes made)

. replace longitude = -84.57111 if cntyname=="Decatur GA"
(7 real changes made)

. replace longitude = -84.93389 if cntyname=="Early GA"
(8 real changes made)

. replace longitude = -84.72861 if cntyname=="Miller GA"
(5 real changes made)

. replace longitude = -85.10139 if cntyname=="Quitman GA"
(2 real changes made)

. replace longitude = -84.79361 if cntyname=="Randolph GA"
(4 real changes made)

. replace longitude = -84.87889 if cntyname=="Seminole GA"
(4 real changes made)

. replace longitude = -84.33955 if cntyname=="Baker GA"
(6 real changes made)

. replace longitude = -84.20890 if cntyname=="Grady GA"
(6 real changes made)

. replace longitude = -84.44087 if cntyname=="Terrell GA"
(5 real changes made)

. replace longitude = -105.0659 if cntyname=="Broomfield CO"
(0 real changes made)

. replace longitude = -135.4364 if cntyname=="Hoonah-Angoon Census Area"
(0 real changes made)

. replace longitude = -135.3139 if cntyname=="Skagway Municipality"
(0 real changes made)

. 
. l if FIPS==13007

       +-------------------------------------------------------------------------------------------------------------------+
 6368. |   zip |  FIPS | cntyname |   zipname | pop2000 | afact | state | county | stabb | latitude | longitude | numva~ps |
       | 31707 | 13007 | Baker GA |    ALBANY |      92 |  .002 |    13 |      7 |    GA |  31.3168 | -84.33955 |        6 |
       |-------------------------------------------------------------------------------------------------------------------|
       |                                                     numva~ts                                                      |
       |                                                            1                                                      |
       +-------------------------------------------------------------------------------------------------------------------+

       +-------------------------------------------------------------------------------------------------------------------+
 6369. |   zip |  FIPS | cntyname |   zipname | pop2000 | afact | state | county | stabb | latitude | longitude | numva~ps |
       | 31713 | 13007 | Baker GA | ARLINGTON |     285 |  .123 |    13 |      7 |       |  31.3168 | -84.33955 |        6 |
       |-------------------------------------------------------------------------------------------------------------------|
       |                                                     numva~ts                                                      |
       |                                                            1                                                      |
       +-------------------------------------------------------------------------------------------------------------------+

       +-------------------------------------------------------------------------------------------------------------------+
 6370. |   zip |  FIPS | cntyname |   zipname | pop2000 | afact | state | county | stabb | latitude | longitude | numva~ps |
       | 31737 | 13007 | Baker GA |  COLQUITT |     370 |  .058 |    13 |      7 |       |  31.3168 | -84.33955 |        6 |
       |-------------------------------------------------------------------------------------------------------------------|
       |                                                     numva~ts                                                      |
       |                                                            1                                                      |
       +-------------------------------------------------------------------------------------------------------------------+

       +-------------------------------------------------------------------------------------------------------------------+
 6371. |   zip |  FIPS | cntyname |   zipname | pop2000 | afact | state | county | stabb | latitude | longitude | numva~ps |
       | 31741 | 13007 | Baker GA |  DAMASCUS |     157 |  .165 |    13 |      7 |       |  31.3168 | -84.33955 |        6 |
       |-------------------------------------------------------------------------------------------------------------------|
       |                                                     numva~ts                                                      |
       |                                                            1                                                      |
       +-------------------------------------------------------------------------------------------------------------------+

       +-------------------------------------------------------------------------------------------------------------------+
 6372. |   zip |  FIPS | cntyname |   zipname | pop2000 | afact | state | county | stabb | latitude | longitude | numva~ps |
       | 31762 | 13007 | Baker GA |     LEARY |     365 |  .399 |    13 |      7 |       |  31.3168 | -84.33955 |        6 |
       |-------------------------------------------------------------------------------------------------------------------|
       |                                                     numva~ts                                                      |
       |                                                            1                                                      |
       +-------------------------------------------------------------------------------------------------------------------+

       +-------------------------------------------------------------------------------------------------------------------+
 6373. |   zip |  FIPS | cntyname |   zipname | pop2000 | afact | state | county | stabb | latitude | longitude | numva~ps |
       | 31770 | 13007 | Baker GA |    NEWTON |    2805 |     1 |    13 |      7 |       |  31.3168 | -84.33955 |        6 |
       |-------------------------------------------------------------------------------------------------------------------|
       |                                                     numva~ts                                                      |
       |                                                            1                                                      |
       +-------------------------------------------------------------------------------------------------------------------+

. l if FIPS==8014

. 
. ** now collapse into one lat/long per county ... use highest-population place
. bys FIPS (zip): egen maxzippop = max(pop2000)
(10844 missing values generated)

. drop if maxzippop~=pop2000
(40099 observations deleted)

. 
. l if FIPS==13007

       +-----------------------------------------------------------------------------------------------------------------+
  388. |   zip |  FIPS | cntyname | zipname | pop2000 | afact | state | county | stabb | latitude | longitude | numva~ps |
       | 31770 | 13007 | Baker GA |  NEWTON |    2805 |     1 |    13 |      7 |       |  31.3168 | -84.33955 |        6 |
       |-----------------------------------------------------------------------------------------------------------------|
       |                        numva~ts                        |                        maxzip~p                        |
       |                               1                        |                            2805                        |
       +-----------------------------------------------------------------------------------------------------------------+

. drop if mi(FIPS) | mi(zip) | mi(latitude) | mi(longitude)
(10844 observations deleted)

. l if FIPS==13007

      +-----------------------------------------------------------------------------------------------------------------+
 388. |   zip |  FIPS | cntyname | zipname | pop2000 | afact | state | county | stabb | latitude | longitude | numva~ps |
      | 31770 | 13007 | Baker GA |  NEWTON |    2805 |     1 |    13 |      7 |       |  31.3168 | -84.33955 |        6 |
      |-----------------------------------------------------------------------------------------------------------------|
      |                        numva~ts                        |                        maxzip~p                        |
      |                               1                        |                            2805                        |
      +-----------------------------------------------------------------------------------------------------------------+

. 
. * l if numvalidlats==0
. * l if maxzippop>=.
. 
. codebook FIPS

--------------------------------------------------------------------------------------------------------------------------------
FIPS                                                                                                                 (unlabeled)
--------------------------------------------------------------------------------------------------------------------------------

                  type:  numeric (long)

                 range:  [1001,56045]                 units:  1
         unique values:  3141                     missing .:  0/3141

                  mean:   30422.3
              std. dev:   15152.2

           percentiles:        10%       25%       50%       75%       90%
                             10003     18183     29181     45085     51019

. 
. 
. 
. * ** now collapse into one lat/long per county ... use highest-population place
. * bys county (placefp): egen maxpop = max(pop2000)
. * drop if maxpop~=pop2000
. 
. note: "ZIP latitude/longitude downloaded from http://federalgovernmentzipcodes.us/free-zipcode-database-Primary.csv"

. 
. * replace county = county-state*1000
. 
. save ../sourcedata/county_latlong_zip, replace
file ../sourcedata/county_latlong_zip.dta saved

. log close
      name:  <unnamed>
       log:  /afs/econ.duke.edu/data/vjh3/TylerJMP/AccraData/finaldo/cr_latlong_zip.log
  log type:  text
 closed on:  18 May 2013, 07:41:20
--------------------------------------------------------------------------------------------------------------------------------
